#
# A fatal error has been detected by the Java Runtime Environment:
#
#  EXCEPTION_ACCESS_VIOLATION (0xc0000005) at pc=0x00007ffddfade230, pid=7724, tid=27212
#
# JRE version: Java(TM) SE Runtime Environment (21.0.9+7) (build 21.0.9+7-LTS-338)
# Java VM: Java HotSpot(TM) 64-Bit Server VM (21.0.9+7-LTS-338, mixed mode, sharing, tiered, compressed oops, compressed class ptrs, parallel gc, windows-amd64)
# Problematic frame:
# V  [jvm.dll+0x13e230]
#
# No core dump will be written. Minidumps are not enabled by default on client versions of Windows
#
# If you would like to submit a bug report, please visit:
#   https://bugreport.java.com/bugreport/crash.jsp
#

---------------  S U M M A R Y ------------

Command Line: --add-modules=ALL-SYSTEM --add-opens=java.base/java.util=ALL-UNNAMED --add-opens=java.base/java.lang=ALL-UNNAMED --add-opens=java.base/sun.nio.fs=ALL-UNNAMED -Declipse.application=org.eclipse.jdt.ls.core.id1 -Dosgi.bundles.defaultStartLevel=4 -Declipse.product=org.eclipse.jdt.ls.core.product -Djava.import.generatesMetadataFilesAtProjectRoot=false -DDetectVMInstallationsJob.disabled=true -Dfile.encoding=utf8 -XX:+UseParallelGC -XX:GCTimeRatio=4 -XX:AdaptiveSizePolicyWeight=90 -Dsun.zip.disableMemoryMapping=true -Xmx2G -Xms100m -Xlog:disable -javaagent:c:\Users\japarejo\.vscode\extensions\redhat.java-1.47.0-win32-x64\lombok\lombok-1.18.39-4050.jar c:\Users\japarejo\.vscode\extensions\redhat.java-1.47.0-win32-x64\server\plugins\org.eclipse.equinox.launcher_1.7.100.v20251014-1222.jar -configuration c:\Users\japarejo\AppData\Roaming\Code\User\globalStorage\redhat.java\1.47.0\config_ss_win -data c:\Users\japarejo\AppData\Roaming\Code\User\workspaceStorage\f20d813cca75d096b33fb5db71518ef8\redhat.java\ss_ws --pipe=\\.\pipe\lsp-32b5d7a5da291fc78f4af70ac813af3c-sock

Host: 11th Gen Intel(R) Core(TM) i7-11800H @ 2.30GHz, 16 cores, 31G,  Windows 11 , 64 bit Build 22000 (10.0.22000.2836)
Time: Tue Nov 18 10:44:04 2025 Romance Standard Time elapsed time: 3485.946628 seconds (0d 0h 58m 5s)

---------------  T H R E A D  ---------------

Current thread (0x000002ac5a5fecf0):  WorkerThread "GC Thread#3"    [id=27212, stack(0x000000b50db00000,0x000000b50dc00000) (1024K)]

Stack: [0x000000b50db00000,0x000000b50dc00000],  sp=0x000000b50dbff988,  free space=1022k
Native frames: (J=compiled Java code, j=interpreted, Vv=VM code, C=native code)
V  [jvm.dll+0x13e230]


siginfo: EXCEPTION_ACCESS_VIOLATION (0xc0000005), reading address 0xffffffffffffffff


Registers:
RAX=0x5470614d6b636174, RBX=0x0000000080b57400, RCX=0x000002ac78707055, RDX=0x0000000080b57400
RSP=0x000000b50dbff988, RBP=0x000000b50dbffa70, RSI=0x0000000089c75c78, RDI=0x000002ac7f1fdf70
R8 =0x000002ac78707055, R9 =0x00000000656c6261, R10=0x0000000000000070, R11=0x0000000000000004
R12=0x00007ffde056ea00, R13=0x000000b50c9fec40, R14=0x000002ac1415df88, R15=0x0000000089c75c38
RIP=0x00007ffddfade230, EFLAGS=0x0000000000010202


Register to memory mapping:

RAX=0x5470614d6b636174 is an unknown value
RBX=0x0000000080b57400 is pointing into object: [B 
{0x0000000080b3ad28} - klass: {type array byte}
 - length: 203294
RCX=0x000002ac78707055 points into unknown readable memory: 74 61 63
RDX=0x0000000080b57400 is pointing into object: [B 
{0x0000000080b3ad28} - klass: {type array byte}
 - length: 203294
RSP=0x000000b50dbff988 points into unknown readable memory: 0x00007ffde007853e | 3e 85 07 e0 fd 7f 00 00
RBP=0x000000b50dbffa70 points into unknown readable memory: 0x00007ffde03d9dc8 | c8 9d 3d e0 fd 7f 00 00
RSI=0x0000000089c75c78 is an oop: org.eclipse.core.internal.dtree.DataTreeNode 
{0x0000000089c75c78} - klass: 'org/eclipse/core/internal/dtree/DataTreeNode'
 - ---- fields (total size 3 words):
 - protected 'children' '[Lorg/eclipse/core/internal/dtree/AbstractDataTreeNode;' @12  a 'org/eclipse/core/internal/dtree/AbstractDataTreeNode'[0] {0x000000008055ee68} (0x8055ee68)
 - protected 'name' 'Ljava/lang/String;' @16  "index.d.ts"{0x00000000873b41a8} (0x873b41a8)
 - protected 'data' 'Ljava/lang/Object;' @20  a 'org/eclipse/core/internal/resources/ResourceInfo'{0x0000000089c75c90} (0x89c75c90)
RDI=0x000002ac7f1fdf70 points into unknown readable memory: 0x000002ac7663cdf0 | f0 cd 63 76 ac 02 00 00
R8 =0x000002ac78707055 points into unknown readable memory: 74 61 63
R9 =0x00000000656c6261 is an unknown value
R10=0x0000000000000070 is an unknown value
R11=0x0000000000000004 is an unknown value
R12=0x00007ffde056ea00 jvm.dll
R13=0x000000b50c9fec40 points into unknown readable memory: 0x00007ffde03da830 | 30 a8 3d e0 fd 7f 00 00
R14=0x000002ac1415df88 is pointing into metadata
R15=0x0000000089c75c38 is an oop: org.eclipse.core.internal.resources.ResourceInfo 
{0x0000000089c75c38} - klass: 'org/eclipse/core/internal/resources/ResourceInfo'
 - ---- fields (total size 8 words):
 - protected volatile 'charsetAndContentId' 'I' @12  0 (0x00000000)
 - protected volatile 'localInfo' 'J' @16  1762889637317 (0x0000019a74691dc5)
 - protected 'modStamp' 'J' @24  694740 (0x00000000000a99d4)
 - protected volatile 'nodeId' 'J' @32  694739 (0x00000000000a99d3)
 - protected 'flags' 'I' @40  1048834 (0x00100102)
 - protected volatile 'markerAndSyncStamp' 'I' @44  0 (0x00000000)
 - protected 'fileStoreRoot' 'Lorg/eclipse/core/internal/localstore/FileStoreRoot;' @48  
[error occurred during error reporting (printing register info), id 0xc0000005, EXCEPTION_ACCESS_VIOLATION (0xc0000005) at pc=0x00007ffde00579d6]

Top of Stack: (sp=0x000000b50dbff988)
0x000000b50dbff988:   00007ffde007853e 0000000089c75c38
0x000000b50dbff998:   000002ac7f1fdf70 0000000000000000
0x000000b50dbff9a8:   00007ffef65cabe7 0000000080b57400
0x000000b50dbff9b8:   00007ffde0075d26 0000000000000000
0x000000b50dbff9c8:   00007ffde007861a 0000000089c75b70
0x000000b50dbff9d8:   0000000089c75b6c 000002ac1415df80
0x000000b50dbff9e8:   00007ffde00765de 0000000089c75c68
0x000000b50dbff9f8:   00007ffde00a0688 00007ffde03d9dc8
0x000000b50dbffa08:   0000000000000000 00007ffde03d9dc8
0x000000b50dbffa18:   0000000000000000 0000000089c75c38
0x000000b50dbffa28:   00007ffde00a1153 0000000000018dbe
0x000000b50dbffa38:   000002ac7f1fdf70 00007ffde0339da0
0x000000b50dbffa48:   00007ffef659a622 00000000800faee8
0x000000b50dbffa58:   0000000080246da4 000002ac5a5fecf0
0x000000b50dbffa68:   00007ffde007861a 00007ffde03d9dc8
0x000000b50dbffa78:   000002ac7432c5f0 0000000000000004
0x000000b50dbffa88:   000002ac7f1fdf70 00007ffde03d9dc8
0x000000b50dbffa98:   0000000000000000 00007ffde056ea00
0x000000b50dbffaa8:   0000000000000000 000000b50c9fed80
0x000000b50dbffab8:   00007ffde00a0848 000002ac1416ed78
0x000000b50dbffac8:   08812a76000188ef 000002ac7f1fdf70
0x000000b50dbffad8:   000002ac7f1fdf70 00007ffde03d9dc8
0x000000b50dbffae8:   0000000000000000 0000000000000000
0x000000b50dbffaf8:   0000000000000000 0000000000000004
0x000000b50dbffb08:   00007ffde00a797b 0000000000000004
0x000000b50dbffb18:   0000000080c01918 000002ac7f1fdf70
0x000000b50dbffb28:   0000000080c01918 0000000000000000
0x000000b50dbffb38:   00007ffd00000000 00007ffde03d9dc8
0x000000b50dbffb48:   000002ac7432c5f0 0000000000000004
0x000000b50dbffb58:   000002ac7f1fdf70 0000000000000020
0x000000b50dbffb68:   000002ac76648800 000002ac7f1fdf70
0x000000b50dbffb78:   0000000000000000 0000000000000001 

Instructions: (pc=0x00007ffddfade230)
0x00007ffddfade130:   c0 ba 0c 00 00 00 8b 05 9c 2f a8 00 b9 10 00 00
0x00007ffddfade140:   00 0f 45 ca ff c8 4c 63 c0 41 8b c1 48 c1 f8 10
0x00007ffddfade150:   48 63 14 19 41 8b c9 83 e1 3f 48 d3 e2 0f b6 c8
0x00007ffddfade160:   49 8d 04 10 49 f7 d0 48 03 c8 49 c1 e8 03 48 c1
0x00007ffddfade170:   e9 03 49 23 c8 eb 12 49 8b 00 48 8b d3 49 8b c8
0x00007ffddfade180:   ff 90 00 01 00 00 48 8b c8 48 89 1f 48 8b c7 48
0x00007ffddfade190:   8b 5c 24 30 48 89 4f 08 48 83 c4 20 5f c3 cc cc
0x00007ffddfade1a0:   0f b6 05 13 34 a8 00 48 8b d1 84 c0 74 16 44 8b
0x00007ffddfade1b0:   41 08 8b 0d d0 1d a8 00 49 d3 e0 4c 03 05 be 1d
0x00007ffddfade1c0:   a8 00 eb 04 4c 8b 41 08 45 8b 48 08 45 85 c9 7e
0x00007ffddfade1d0:   0e 41 f6 c1 01 75 53 41 c1 f9 03 49 63 c1 c3 79
0x00007ffddfade1e0:   49 84 c0 41 b8 0c 00 00 00 8b 05 e9 2e a8 00 b9
0x00007ffddfade1f0:   10 00 00 00 41 0f 45 c8 ff c8 4c 63 c0 41 8b c1
0x00007ffddfade200:   48 c1 f8 10 0f b6 c0 48 63 14 11 41 8b c9 83 e1
0x00007ffddfade210:   3f 48 d3 e2 49 8d 0c 10 49 f7 d0 48 03 c1 49 c1
0x00007ffddfade220:   e8 03 48 c1 e8 03 49 23 c0 c3 49 8b 00 49 8b c8
0x00007ffddfade230:   48 ff a0 00 01 00 00 cc cc cc cc cc cc cc cc cc
0x00007ffddfade240:   4c 8b c2 48 8b d1 45 8b 48 08 45 85 c9 7e 0e 41
0x00007ffddfade250:   f6 c1 01 75 56 41 c1 f9 03 49 63 c1 c3 79 4c 80
0x00007ffddfade260:   3d 54 33 a8 00 00 b8 0c 00 00 00 b9 10 00 00 00
0x00007ffddfade270:   0f 45 c8 8b 05 5f 2e a8 00 ff c8 4c 63 c0 41 8b
0x00007ffddfade280:   c1 48 c1 f8 10 48 63 14 11 41 8b c9 83 e1 3f 0f
0x00007ffddfade290:   b6 c0 48 d3 e2 49 8d 0c 10 49 f7 d0 48 03 c1 49
0x00007ffddfade2a0:   c1 e8 03 48 c1 e8 03 49 23 c0 c3 49 8b 00 49 8b
0x00007ffddfade2b0:   c8 48 ff a0 00 01 00 00 cc cc cc cc cc cc cc cc
0x00007ffddfade2c0:   48 83 ec 28 ba 37 00 00 00 48 8d 0d 88 bb 85 00
0x00007ffddfade2d0:   e8 db 07 14 00 cc cc cc cc cc cc cc cc cc cc cc
0x00007ffddfade2e0:   40 53 48 83 ec 20 48 8b d9 49 8b c0 33 c9 45 0f
0x00007ffddfade2f0:   b6 c1 48 89 0b 48 89 4b 08 48 8b cb 48 89 53 10
0x00007ffddfade300:   48 8b d0 e8 a8 09 00 00 48 8b c3 48 83 c4 20 5b
0x00007ffddfade310:   c3 cc cc cc cc cc cc cc cc cc cc cc cc cc cc cc
0x00007ffddfade320:   40 53 48 83 ec 20 33 c0 44 88 41 10 45 0f b6 c1 


Stack slot to memory mapping:

stack at sp + 0 slots: 0x00007ffde007853e jvm.dll
stack at sp + 1 slots: 0x0000000089c75c38 is an oop: org.eclipse.core.internal.resources.ResourceInfo 
{0x0000000089c75c38} - klass: 'org/eclipse/core/internal/resources/ResourceInfo'
 - ---- fields (total size 8 words):
 - protected volatile 'charsetAndContentId' 'I' @12  0 (0x00000000)
 - protected volatile 'localInfo' 'J' @16  1762889637317 (0x0000019a74691dc5)
 - protected 'modStamp' 'J' @24  694740 (0x00000000000a99d4)
 - protected volatile 'nodeId' 'J' @32  694739 (0x00000000000a99d3)
 - protected 'flags' 'I' @40  1048834 (0x00100102)
 - protected volatile 'markerAndSyncStamp' 'I' @44  0 (0x00000000)
 - protected 'fileStoreRoot' 'Lorg/eclipse/core/internal/localstore/FileStoreRoot;' @48  
[error occurred during error reporting (inspecting top of stack), id 0xc0000005, EXCEPTION_ACCESS_VIOLATION (0xc0000005) at pc=0x00007ffde00579d6]
stack at sp + 2 slots: 0x000002ac7f1fdf70 points into unknown readable memory: 0x000002ac7663cdf0 | f0 cd 63 76 ac 02 00 00
stack at sp + 3 slots: 0x0 is null
stack at sp + 4 slots: 0x00007ffef65cabe7 ntdll.dll
stack at sp + 5 slots: 0x0000000080b57400 is pointing into object: [B 
{0x0000000080b3ad28} - klass: {type array byte}
 - length: 203294
stack at sp + 6 slots: 0x00007ffde0075d26 jvm.dll
stack at sp + 7 slots: 0x0 is null


---------------  P R O C E S S  ---------------

Threads class SMR info:
_java_thread_list=0x000002ac5c484d20, length=43, elements={
0x000002ac7657d710, 0x000002ac7664e620, 0x000002ac7f2ce5e0, 0x000002ac7f2d3750,
0x000002ac7f2d3de0, 0x000002ac7f2d23a0, 0x000002ac7f2d2a30, 0x000002ac548e4710,
0x000002ac548e8fd0, 0x000002ac7f2d0ff0, 0x000002ac7f2d30c0, 0x000002ac7f2d0960,
0x000002ac7f2d1d10, 0x000002ac7f2d1680, 0x000002ac5ab1b8b0, 0x000002ac5ab21b20,
0x000002ac5ab1ed30, 0x000002ac5ab1d2f0, 0x000002ac5ab1bf40, 0x000002ac5ab1b220,
0x000002ac5ab221b0, 0x000002ac5ab1f3c0, 0x000002ac5ab200e0, 0x000002ac5ab1d980,
0x000002ac5ab1e010, 0x000002ac5ab1c5d0, 0x000002ac5ab1cc60, 0x000002ac5ab1e6a0,
0x000002ac5ab20770, 0x000002ac5ab1fa50, 0x000002ac5ab21490, 0x000002ac5ab22840,
0x000002ac5b6319c0, 0x000002ac5b631330, 0x000002ac5b632050, 0x000002ac5b630610,
0x000002ac5b6326e0, 0x000002ac5b632d70, 0x000002ac5b633400, 0x000002ac5b633a90,
0x000002ac5b630ca0, 0x000002ac5bca7840, 0x000002ac5bca8560
}

Java Threads: ( => current thread )
  0x000002ac7657d710 JavaThread "main"                              [_thread_blocked, id=24988, stack(0x000000b50c600000,0x000000b50c700000) (1024K)]
  0x000002ac7664e620 JavaThread "Reference Handler"          daemon [_thread_blocked, id=20640, stack(0x000000b50ca00000,0x000000b50cb00000) (1024K)]
  0x000002ac7f2ce5e0 JavaThread "Finalizer"                  daemon [_thread_blocked, id=1688, stack(0x000000b50cb00000,0x000000b50cc00000) (1024K)]
  0x000002ac7f2d3750 JavaThread "Signal Dispatcher"          daemon [_thread_blocked, id=11048, stack(0x000000b50cc00000,0x000000b50cd00000) (1024K)]
  0x000002ac7f2d3de0 JavaThread "Attach Listener"            daemon [_thread_blocked, id=11120, stack(0x000000b50cd00000,0x000000b50ce00000) (1024K)]
  0x000002ac7f2d23a0 JavaThread "Service Thread"             daemon [_thread_blocked, id=27084, stack(0x000000b50ce00000,0x000000b50cf00000) (1024K)]
  0x000002ac7f2d2a30 JavaThread "Monitor Deflation Thread"   daemon [_thread_blocked, id=1780, stack(0x000000b50cf00000,0x000000b50d000000) (1024K)]
  0x000002ac548e4710 JavaThread "C2 CompilerThread0"         daemon [_thread_blocked, id=29280, stack(0x000000b50d000000,0x000000b50d100000) (1024K)]
  0x000002ac548e8fd0 JavaThread "C1 CompilerThread0"         daemon [_thread_blocked, id=19344, stack(0x000000b50d100000,0x000000b50d200000) (1024K)]
  0x000002ac7f2d0ff0 JavaThread "Common-Cleaner"             daemon [_thread_blocked, id=26480, stack(0x000000b50d500000,0x000000b50d600000) (1024K)]
  0x000002ac7f2d30c0 JavaThread "Notification Thread"        daemon [_thread_blocked, id=3220, stack(0x000000b50d700000,0x000000b50d800000) (1024K)]
  0x000002ac7f2d0960 JavaThread "Active Thread: Equinox Container: 47850282-3927-4a91-a1e4-f3298688a449"        [_thread_blocked, id=10824, stack(0x000000b50e000000,0x000000b50e100000) (1024K)]
  0x000002ac7f2d1d10 JavaThread "Framework Event Dispatcher: Equinox Container: 47850282-3927-4a91-a1e4-f3298688a449" daemon [_thread_blocked, id=16744, stack(0x000000b50e100000,0x000000b50e200000) (1024K)]
  0x000002ac7f2d1680 JavaThread "Start Level: Equinox Container: 47850282-3927-4a91-a1e4-f3298688a449" daemon [_thread_blocked, id=3152, stack(0x000000b50e300000,0x000000b50e400000) (1024K)]
  0x000002ac5ab1b8b0 JavaThread "SCR Component Actor"        daemon [_thread_blocked, id=22824, stack(0x000000b50e400000,0x000000b50e500000) (1024K)]
  0x000002ac5ab21b20 JavaThread "Worker-JM"                         [_thread_blocked, id=28588, stack(0x000000b50df00000,0x000000b50e000000) (1024K)]
  0x000002ac5ab1ed30 JavaThread "Worker-0: Compacting resource model"        [_thread_blocked, id=29472, stack(0x000000b50e700000,0x000000b50e800000) (1024K)]
  0x000002ac5ab1d2f0 JavaThread "Worker-1: Updating workspace"        [_thread_blocked, id=11796, stack(0x000000b50e800000,0x000000b50e900000) (1024K)]
  0x000002ac5ab1bf40 JavaThread "JNA Cleaner"                daemon [_thread_blocked, id=26508, stack(0x000000b50ec00000,0x000000b50ed00000) (1024K)]
  0x000002ac5ab1b220 JavaThread "Thread-1"                   daemon [_thread_in_native, id=26348, stack(0x000000b50ef00000,0x000000b50f000000) (1024K)]
  0x000002ac5ab221b0 JavaThread "Thread-2"                   daemon [_thread_in_native, id=5712, stack(0x000000b50f000000,0x000000b50f100000) (1024K)]
  0x000002ac5ab1f3c0 JavaThread "Thread-3"                   daemon [_thread_in_native, id=23364, stack(0x000000b50f100000,0x000000b50f200000) (1024K)]
  0x000002ac5ab200e0 JavaThread "Thread-4"                   daemon [_thread_in_native, id=7096, stack(0x000000b50f200000,0x000000b50f300000) (1024K)]
  0x000002ac5ab1d980 JavaThread "Thread-5"                   daemon [_thread_in_native, id=11684, stack(0x000000b50f300000,0x000000b50f400000) (1024K)]
  0x000002ac5ab1e010 JavaThread "Thread-6"                   daemon [_thread_in_native, id=3676, stack(0x000000b50f400000,0x000000b50f500000) (1024K)]
  0x000002ac5ab1c5d0 JavaThread "Thread-7"                   daemon [_thread_in_native, id=25520, stack(0x000000b50f500000,0x000000b50f600000) (1024K)]
  0x000002ac5ab1cc60 JavaThread "Thread-8"                   daemon [_thread_in_native, id=3644, stack(0x000000b50f600000,0x000000b50f700000) (1024K)]
  0x000002ac5ab1e6a0 JavaThread "Thread-9"                   daemon [_thread_in_native, id=8916, stack(0x000000b50f700000,0x000000b50f800000) (1024K)]
  0x000002ac5ab20770 JavaThread "Thread-10"                  daemon [_thread_in_native, id=10704, stack(0x000000b50f800000,0x000000b50f900000) (1024K)]
  0x000002ac5ab1fa50 JavaThread "Thread-11"                  daemon [_thread_in_native, id=18836, stack(0x000000b50f900000,0x000000b50fa00000) (1024K)]
  0x000002ac5ab21490 JavaThread "Thread-12"                  daemon [_thread_in_native, id=25368, stack(0x000000b50fa00000,0x000000b50fb00000) (1024K)]
  0x000002ac5ab22840 JavaThread "Thread-13"                  daemon [_thread_in_native, id=17452, stack(0x000000b50fb00000,0x000000b50fc00000) (1024K)]
  0x000002ac5b6319c0 JavaThread "Thread-14"                  daemon [_thread_in_native, id=8544, stack(0x000000b50fc00000,0x000000b50fd00000) (1024K)]
  0x000002ac5b631330 JavaThread "Thread-15"                  daemon [_thread_in_native, id=6260, stack(0x000000b50fd00000,0x000000b50fe00000) (1024K)]
  0x000002ac5b632050 JavaThread "Thread-16"                  daemon [_thread_in_native, id=8456, stack(0x000000b50fe00000,0x000000b50ff00000) (1024K)]
  0x000002ac5b630610 JavaThread "Thread-17"                  daemon [_thread_in_native, id=25612, stack(0x000000b50ff00000,0x000000b510000000) (1024K)]
  0x000002ac5b6326e0 JavaThread "pool-2-thread-1"                   [_thread_blocked, id=16236, stack(0x000000b510000000,0x000000b510100000) (1024K)]
  0x000002ac5b632d70 JavaThread "WorkspaceEventsHandler"            [_thread_blocked, id=7272, stack(0x000000b510100000,0x000000b510200000) (1024K)]
  0x000002ac5b633400 JavaThread "pool-1-thread-1"                   [_thread_blocked, id=28648, stack(0x000000b510200000,0x000000b510300000) (1024K)]
  0x000002ac5b633a90 JavaThread "ForkJoinPool.commonPool-worker-1" daemon [_thread_blocked, id=28564, stack(0x000000b510300000,0x000000b510400000) (1024K)]
  0x000002ac5b630ca0 JavaThread "ForkJoinPool.commonPool-worker-2" daemon [_thread_blocked, id=27772, stack(0x000000b510400000,0x000000b510500000) (1024K)]
  0x000002ac5bca7840 JavaThread "ForkJoinPool.commonPool-worker-3" daemon [_thread_blocked, id=22320, stack(0x000000b510500000,0x000000b510600000) (1024K)]
  0x000002ac5bca8560 JavaThread "Worker-2"                          [_thread_blocked, id=18116, stack(0x000000b50c400000,0x000000b50c500000) (1024K)]
Total: 43

Other Threads:
  0x000002ac548e32d0 VMThread "VM Thread"                           [id=28580, stack(0x000000b50c900000,0x000000b50ca00000) (1024K)]
  0x000002ac7f1bc950 WatcherThread "VM Periodic Task Thread"        [id=25572, stack(0x000000b50c800000,0x000000b50c900000) (1024K)]
  0x000002ac7659d090 WorkerThread "GC Thread#0"                     [id=7140, stack(0x000000b50c700000,0x000000b50c800000) (1024K)]
  0x000002ac5a586920 WorkerThread "GC Thread#1"                     [id=12068, stack(0x000000b50d900000,0x000000b50da00000) (1024K)]
  0x000002ac5a67a900 WorkerThread "GC Thread#2"                     [id=27144, stack(0x000000b50da00000,0x000000b50db00000) (1024K)]
=>0x000002ac5a5fecf0 WorkerThread "GC Thread#3"                     [id=27212, stack(0x000000b50db00000,0x000000b50dc00000) (1024K)]
  0x000002ac5ab7ef50 WorkerThread "GC Thread#4"                     [id=19156, stack(0x000000b50dc00000,0x000000b50dd00000) (1024K)]
  0x000002ac5ab7f300 WorkerThread "GC Thread#5"                     [id=18604, stack(0x000000b50dd00000,0x000000b50de00000) (1024K)]
  0x000002ac5ab7fed0 WorkerThread "GC Thread#6"                     [id=25048, stack(0x000000b50de00000,0x000000b50df00000) (1024K)]
  0x000002ac5a979c00 WorkerThread "GC Thread#7"                     [id=1764, stack(0x000000b50e200000,0x000000b50e300000) (1024K)]
  0x000002ac5ad840e0 WorkerThread "GC Thread#8"                     [id=22304, stack(0x000000b50e500000,0x000000b50e600000) (1024K)]
  0x000002ac5af80590 WorkerThread "GC Thread#9"                     [id=10192, stack(0x000000b50e600000,0x000000b50e700000) (1024K)]
  0x000002ac5b007260 WorkerThread "GC Thread#10"                    [id=5652, stack(0x000000b50e900000,0x000000b50ea00000) (1024K)]
  0x000002ac5b007610 WorkerThread "GC Thread#11"                    [id=10960, stack(0x000000b50ea00000,0x000000b50eb00000) (1024K)]
  0x000002ac5b06ecf0 WorkerThread "GC Thread#12"                    [id=8504, stack(0x000000b50eb00000,0x000000b50ec00000) (1024K)]
Total: 15

Threads with active compile tasks:
Total: 0

VM state: at safepoint (normal execution)

VM Mutex/Monitor currently owned by a thread:  ([mutex/lock_event])
[0x00007ffde05e0df0] Threads_lock - owner thread: 0x000002ac548e32d0
[0x00007ffde05e0ef0] Heap_lock - owner thread: 0x000002ac5b633400

Heap address: 0x0000000080000000, size: 2048 MB, Compressed Oops mode: 32-bit

CDS archive(s) mapped at: [0x000002ac13000000-0x000002ac13c90000-0x000002ac13c90000), size 13172736, SharedBaseAddress: 0x000002ac13000000, ArchiveRelocationMode: 1.
Compressed class space mapped at: 0x000002ac14000000-0x000002ac54000000, reserved size: 1073741824
Narrow klass base: 0x000002ac13000000, Narrow klass shift: 0, Narrow klass range: 0x100000000

GC Precious Log:
 CardTable entry size: 512
 CPUs: 16 total, 16 available
 Memory: 32469M
 Large Page Support: Disabled
 NUMA Support: Disabled
 Compressed Oops: Enabled (32-bit)
 Alignments: Space 512K, Generation 512K, Heap 2M
 Heap Min Capacity: 100M
 Heap Initial Capacity: 100M
 Heap Max Capacity: 2G
 Pre-touch: Disabled
 Parallel Workers: 13

Heap:
 PSYoungGen      total 32256K, used 29696K [0x00000000d5580000, 0x00000000d7a00000, 0x0000000100000000)
  eden space 29696K, 100% used [0x00000000d5580000,0x00000000d7280000,0x00000000d7280000)
  from space 2560K, 0% used [0x00000000d7600000,0x00000000d7600000,0x00000000d7880000)
  to   space 3584K, 0% used [0x00000000d7280000,0x00000000d7280000,0x00000000d7600000)
 ParOldGen       total 1398272K, used 1397868K [0x0000000080000000, 0x00000000d5580000, 0x00000000d5580000)
  object space 1398272K, 99% used [0x0000000080000000,0x00000000d551b170,0x00000000d5580000)
 Metaspace       used 40020K, committed 41216K, reserved 1114112K
  class space    used 3818K, committed 4352K, reserved 1048576K

Card table byte_map: [0x000002ac75f90000,0x000002ac763a0000] _byte_map_base: 0x000002ac75b90000

Marking Bits: (ParMarkBitMap*) 0x00007ffde05e5d40
 Begin Bits: [0x000002ac0f000000, 0x000002ac11000000)
 End Bits:   [0x000002ac11000000, 0x000002ac13000000)

Polling page: 0x000002ac75d80000

Metaspace:

Usage:
  Non-class:     35.35 MB used.
      Class:      3.73 MB used.
       Both:     39.08 MB used.

Virtual space:
  Non-class space:       64.00 MB reserved,      36.00 MB ( 56%) committed,  1 nodes.
      Class space:        1.00 GB reserved,       4.25 MB ( <1%) committed,  1 nodes.
             Both:        1.06 GB reserved,      40.25 MB (  4%) committed. 

Chunk freelists:
   Non-Class:  11.79 MB
       Class:  11.77 MB
        Both:  23.56 MB

MaxMetaspaceSize: unlimited
CompressedClassSpaceSize: 1.00 GB
Initial GC threshold: 21.00 MB
Current GC threshold: 67.00 MB
CDS: on
 - commit_granule_bytes: 65536.
 - commit_granule_words: 8192.
 - virtual_space_node_default_size: 8388608.
 - enlarge_chunks_in_place: 1.
 - use_allocation_guard: 0.


Internal statistics:

num_allocs_failed_limit: 6.
num_arena_births: 696.
num_arena_deaths: 244.
num_vsnodes_births: 2.
num_vsnodes_deaths: 0.
num_space_committed: 644.
num_space_uncommitted: 0.
num_chunks_returned_to_freelist: 273.
num_chunks_taken_from_freelist: 2319.
num_chunk_merges: 72.
num_chunk_splits: 1508.
num_chunks_enlarged: 939.
num_inconsistent_stats: 0.

CodeHeap 'non-profiled nmethods': size=119168Kb used=3657Kb max_used=3938Kb free=115511Kb
 bounds [0x000002ac07ba0000, 0x000002ac07f80000, 0x000002ac0f000000]
CodeHeap 'profiled nmethods': size=119104Kb used=8856Kb max_used=10786Kb free=110247Kb
 bounds [0x000002ac00000000, 0x000002ac00a90000, 0x000002ac07450000]
CodeHeap 'non-nmethods': size=7488Kb used=1400Kb max_used=3173Kb free=6087Kb
 bounds [0x000002ac07450000, 0x000002ac07770000, 0x000002ac07ba0000]
 total_blobs=5424 nmethods=4728 adapters=602
 compilation: enabled
              stopped_count=0, restarted_count=0
 full_count=0

Compilation events (20 events):
Event: 2875.852 Thread 0x000002ac548e8fd0 5819       3       org.eclipse.jdt.ls.core.internal.ParentProcessWatcher::parentProcessStillRunning (62 bytes)
Event: 2881.958 Thread 0x000002ac548e8fd0 nmethod 5819 0x000002ac00089510 code [0x000002ac00089740, 0x000002ac00089e78]
Event: 2882.716 Thread 0x000002ac548e8fd0 5821   !   3       java.util.logging.LogManager$LoggerWeakRef::dispose (123 bytes)
Event: 2888.102 Thread 0x000002ac548e8fd0 nmethod 5821 0x000002ac002a0490 code [0x000002ac002a06a0, 0x000002ac002a0ee0]
Event: 2888.854 Thread 0x000002ac548e8fd0 5820       3       java.lang.ProcessHandleImpl::<init> (15 bytes)
Event: 2891.148 Thread 0x000002ac548e8fd0 nmethod 5820 0x000002ac0035f390 code [0x000002ac0035f540, 0x000002ac0035f6b0]
Event: 2919.988 Thread 0x000002ac548e8fd0 5822       3       java.util.concurrent.ThreadPoolExecutor$Worker::tryAcquire (20 bytes)
Event: 2923.785 Thread 0x000002ac548e8fd0 nmethod 5822 0x000002ac005f0c10 code [0x000002ac005f0dc0, 0x000002ac005f0fd0]
Event: 2946.059 Thread 0x000002ac548e8fd0 5823       1       org.eclipse.osgi.internal.framework.EquinoxContainer::getStorage (5 bytes)
Event: 2948.424 Thread 0x000002ac548e8fd0 nmethod 5823 0x000002ac07be4190 code [0x000002ac07be4320, 0x000002ac07be43e8]
Event: 3043.818 Thread 0x000002ac548e8fd0 5824       3       java.util.concurrent.ScheduledThreadPoolExecutor$DelayedWorkQueue::finishPoll (43 bytes)
Event: 3048.784 Thread 0x000002ac548e8fd0 nmethod 5824 0x000002ac001b7110 code [0x000002ac001b72e0, 0x000002ac001b7878]
Event: 3049.555 Thread 0x000002ac548e8fd0 5825       3       java.util.concurrent.locks.AbstractQueuedSynchronizer$ConditionObject::awaitNanos (207 bytes)
Event: 3056.164 Thread 0x000002ac548e8fd0 nmethod 5825 0x000002ac007e2410 code [0x000002ac007e2700, 0x000002ac007e3640]
Event: 3070.645 Thread 0x000002ac548e8fd0 5826       3       java.util.concurrent.ScheduledThreadPoolExecutor$ScheduledFutureTask::run (57 bytes)
Event: 3073.923 Thread 0x000002ac548e8fd0 nmethod 5826 0x000002ac00095490 code [0x000002ac000956c0, 0x000002ac00095c48]
Event: 3215.243 Thread 0x000002ac548e4710 5827       4       org.eclipse.core.runtime.jobs.Job::getState (5 bytes)
Event: 3217.592 Thread 0x000002ac548e8fd0 5828       3       java.util.concurrent.ThreadPoolExecutor::ensurePrestart (41 bytes)
Event: 3218.387 Thread 0x000002ac548e4710 nmethod 5827 0x000002ac07be3e90 code [0x000002ac07be4020, 0x000002ac07be4100]
Event: 3219.201 Thread 0x000002ac548e8fd0 nmethod 5828 0x000002ac001ade90 code [0x000002ac001ae060, 0x000002ac001ae318]

GC Heap History (20 events):
Event: 3454.349 GC heap after
{Heap after GC invocations=19510 (full 3386):
 PSYoungGen      total 33280K, used 29695K [0x00000000d5580000, 0x00000000d7a00000, 0x0000000100000000)
  eden space 29696K, 99% used [0x00000000d5580000,0x00000000d727ffb0,0x00000000d7280000)
  from space 3584K, 0% used [0x00000000d7280000,0x00000000d7280000,0x00000000d7600000)
  to   space 2560K, 0% used [0x00000000d7600000,0x00000000d7600000,0x00000000d7880000)
 ParOldGen       total 1398272K, used 1397869K [0x0000000080000000, 0x00000000d5580000, 0x00000000d5580000)
  object space 1398272K, 99% used [0x0000000080000000,0x00000000d551b748,0x00000000d5580000)
 Metaspace       used 40020K, committed 41216K, reserved 1114112K
  class space    used 3818K, committed 4352K, reserved 1048576K
}
Event: 3454.350 GC heap before
{Heap before GC invocations=19511 (full 3387):
 PSYoungGen      total 33280K, used 29696K [0x00000000d5580000, 0x00000000d7a00000, 0x0000000100000000)
  eden space 29696K, 100% used [0x00000000d5580000,0x00000000d7280000,0x00000000d7280000)
  from space 3584K, 0% used [0x00000000d7280000,0x00000000d7280000,0x00000000d7600000)
  to   space 2560K, 0% used [0x00000000d7600000,0x00000000d7600000,0x00000000d7880000)
 ParOldGen       total 1398272K, used 1397869K [0x0000000080000000, 0x00000000d5580000, 0x00000000d5580000)
  object space 1398272K, 99% used [0x0000000080000000,0x00000000d551b748,0x00000000d5580000)
 Metaspace       used 40020K, committed 41216K, reserved 1114112K
  class space    used 3818K, committed 4352K, reserved 1048576K
}
Event: 3455.046 GC heap after
{Heap after GC invocations=19511 (full 3387):
 PSYoungGen      total 32256K, used 29695K [0x00000000d5580000, 0x00000000d7a00000, 0x0000000100000000)
  eden space 29696K, 99% used [0x00000000d5580000,0x00000000d727ffe0,0x00000000d7280000)
  from space 2560K, 0% used [0x00000000d7600000,0x00000000d7600000,0x00000000d7880000)
  to   space 3584K, 0% used [0x00000000d7280000,0x00000000d7280000,0x00000000d7600000)
 ParOldGen       total 1398272K, used 1397869K [0x0000000080000000, 0x00000000d5580000, 0x00000000d5580000)
  object space 1398272K, 99% used [0x0000000080000000,0x00000000d551b748,0x00000000d5580000)
 Metaspace       used 40020K, committed 41216K, reserved 1114112K
  class space    used 3818K, committed 4352K, reserved 1048576K
}
Event: 3455.046 GC heap before
{Heap before GC invocations=19512 (full 3388):
 PSYoungGen      total 32256K, used 29695K [0x00000000d5580000, 0x00000000d7a00000, 0x0000000100000000)
  eden space 29696K, 99% used [0x00000000d5580000,0x00000000d727fff0,0x00000000d7280000)
  from space 2560K, 0% used [0x00000000d7600000,0x00000000d7600000,0x00000000d7880000)
  to   space 3584K, 0% used [0x00000000d7280000,0x00000000d7280000,0x00000000d7600000)
 ParOldGen       total 1398272K, used 1397869K [0x0000000080000000, 0x00000000d5580000, 0x00000000d5580000)
  object space 1398272K, 99% used [0x0000000080000000,0x00000000d551b748,0x00000000d5580000)
 Metaspace       used 40020K, committed 41216K, reserved 1114112K
  class space    used 3818K, committed 4352K, reserved 1048576K
}
Event: 3455.716 GC heap after
{Heap after GC invocations=19512 (full 3388):
 PSYoungGen      total 33280K, used 29695K [0x00000000d5580000, 0x00000000d7a00000, 0x0000000100000000)
  eden space 29696K, 99% used [0x00000000d5580000,0x00000000d727ffd0,0x00000000d7280000)
  from space 3584K, 0% used [0x00000000d7280000,0x00000000d7280000,0x00000000d7600000)
  to   space 2560K, 0% used [0x00000000d7600000,0x00000000d7600000,0x00000000d7880000)
 ParOldGen       total 1398272K, used 1397869K [0x0000000080000000, 0x00000000d5580000, 0x00000000d5580000)
  object space 1398272K, 99% used [0x0000000080000000,0x00000000d551b748,0x00000000d5580000)
 Metaspace       used 40020K, committed 41216K, reserved 1114112K
  class space    used 3818K, committed 4352K, reserved 1048576K
}
Event: 3455.716 GC heap before
{Heap before GC invocations=19513 (full 3389):
 PSYoungGen      total 33280K, used 29695K [0x00000000d5580000, 0x00000000d7a00000, 0x0000000100000000)
  eden space 29696K, 99% used [0x00000000d5580000,0x00000000d727fff0,0x00000000d7280000)
  from space 3584K, 0% used [0x00000000d7280000,0x00000000d7280000,0x00000000d7600000)
  to   space 2560K, 0% used [0x00000000d7600000,0x00000000d7600000,0x00000000d7880000)
 ParOldGen       total 1398272K, used 1397869K [0x0000000080000000, 0x00000000d5580000, 0x00000000d5580000)
  object space 1398272K, 99% used [0x0000000080000000,0x00000000d551b748,0x00000000d5580000)
 Metaspace       used 40020K, committed 41216K, reserved 1114112K
  class space    used 3818K, committed 4352K, reserved 1048576K
}
Event: 3456.402 GC heap after
{Heap after GC invocations=19513 (full 3389):
 PSYoungGen      total 32256K, used 29695K [0x00000000d5580000, 0x00000000d7a00000, 0x0000000100000000)
  eden space 29696K, 99% used [0x00000000d5580000,0x00000000d727fff0,0x00000000d7280000)
  from space 2560K, 0% used [0x00000000d7600000,0x00000000d7600000,0x00000000d7880000)
  to   space 3584K, 0% used [0x00000000d7280000,0x00000000d7280000,0x00000000d7600000)
 ParOldGen       total 1398272K, used 1397869K [0x0000000080000000, 0x00000000d5580000, 0x00000000d5580000)
  object space 1398272K, 99% used [0x0000000080000000,0x00000000d551b748,0x00000000d5580000)
 Metaspace       used 40020K, committed 41216K, reserved 1114112K
  class space    used 3818K, committed 4352K, reserved 1048576K
}
Event: 3456.403 GC heap before
{Heap before GC invocations=19514 (full 3390):
 PSYoungGen      total 32256K, used 29696K [0x00000000d5580000, 0x00000000d7a00000, 0x0000000100000000)
  eden space 29696K, 100% used [0x00000000d5580000,0x00000000d7280000,0x00000000d7280000)
  from space 2560K, 0% used [0x00000000d7600000,0x00000000d7600000,0x00000000d7880000)
  to   space 3584K, 0% used [0x00000000d7280000,0x00000000d7280000,0x00000000d7600000)
 ParOldGen       total 1398272K, used 1397875K [0x0000000080000000, 0x00000000d5580000, 0x00000000d5580000)
  object space 1398272K, 99% used [0x0000000080000000,0x00000000d551cdc0,0x00000000d5580000)
 Metaspace       used 40020K, committed 41216K, reserved 1114112K
  class space    used 3818K, committed 4352K, reserved 1048576K
}
Event: 3457.041 GC heap after
{Heap after GC invocations=19514 (full 3390):
 PSYoungGen      total 33280K, used 29695K [0x00000000d5580000, 0x00000000d7a00000, 0x0000000100000000)
  eden space 29696K, 99% used [0x00000000d5580000,0x00000000d727fd40,0x00000000d7280000)
  from space 3584K, 0% used [0x00000000d7280000,0x00000000d7280000,0x00000000d7600000)
  to   space 2560K, 0% used [0x00000000d7600000,0x00000000d7600000,0x00000000d7880000)
 ParOldGen       total 1398272K, used 1397870K [0x0000000080000000, 0x00000000d5580000, 0x00000000d5580000)
  object space 1398272K, 99% used [0x0000000080000000,0x00000000d551ba68,0x00000000d5580000)
 Metaspace       used 40020K, committed 41216K, reserved 1114112K
  class space    used 3818K, committed 4352K, reserved 1048576K
}
Event: 3457.041 GC heap before
{Heap before GC invocations=19515 (full 3391):
 PSYoungGen      total 33280K, used 29695K [0x00000000d5580000, 0x00000000d7a00000, 0x0000000100000000)
  eden space 29696K, 99% used [0x00000000d5580000,0x00000000d727fff0,0x00000000d7280000)
  from space 3584K, 0% used [0x00000000d7280000,0x00000000d7280000,0x00000000d7600000)
  to   space 2560K, 0% used [0x00000000d7600000,0x00000000d7600000,0x00000000d7880000)
 ParOldGen       total 1398272K, used 1397870K [0x0000000080000000, 0x00000000d5580000, 0x00000000d5580000)
  object space 1398272K, 99% used [0x0000000080000000,0x00000000d551ba68,0x00000000d5580000)
 Metaspace       used 40020K, committed 41216K, reserved 1114112K
  class space    used 3818K, committed 4352K, reserved 1048576K
}
Event: 3457.672 GC heap after
{Heap after GC invocations=19515 (full 3391):
 PSYoungGen      total 32256K, used 29695K [0x00000000d5580000, 0x00000000d7a00000, 0x0000000100000000)
  eden space 29696K, 99% used [0x00000000d5580000,0x00000000d727ff80,0x00000000d7280000)
  from space 2560K, 0% used [0x00000000d7600000,0x00000000d7600000,0x00000000d7880000)
  to   space 3584K, 0% used [0x00000000d7280000,0x00000000d7280000,0x00000000d7600000)
 ParOldGen       total 1398272K, used 1397870K [0x0000000080000000, 0x00000000d5580000, 0x00000000d5580000)
  object space 1398272K, 99% used [0x0000000080000000,0x00000000d551b8e0,0x00000000d5580000)
 Metaspace       used 40020K, committed 41216K, reserved 1114112K
  class space    used 3818K, committed 4352K, reserved 1048576K
}
Event: 3457.672 GC heap before
{Heap before GC invocations=19516 (full 3392):
 PSYoungGen      total 32256K, used 29695K [0x00000000d5580000, 0x00000000d7a00000, 0x0000000100000000)
  eden space 29696K, 99% used [0x00000000d5580000,0x00000000d727fff8,0x00000000d7280000)
  from space 2560K, 0% used [0x00000000d7600000,0x00000000d7600000,0x00000000d7880000)
  to   space 3584K, 0% used [0x00000000d7280000,0x00000000d7280000,0x00000000d7600000)
 ParOldGen       total 1398272K, used 1397870K [0x0000000080000000, 0x00000000d5580000, 0x00000000d5580000)
  object space 1398272K, 99% used [0x0000000080000000,0x00000000d551b8e0,0x00000000d5580000)
 Metaspace       used 40020K, committed 41216K, reserved 1114112K
  class space    used 3818K, committed 4352K, reserved 1048576K
}
Event: 3458.392 GC heap after
{Heap after GC invocations=19516 (full 3392):
 PSYoungGen      total 33280K, used 29695K [0x00000000d5580000, 0x00000000d7a00000, 0x0000000100000000)
  eden space 29696K, 99% used [0x00000000d5580000,0x00000000d727ffd8,0x00000000d7280000)
  from space 3584K, 0% used [0x00000000d7280000,0x00000000d7280000,0x00000000d7600000)
  to   space 2560K, 0% used [0x00000000d7600000,0x00000000d7600000,0x00000000d7880000)
 ParOldGen       total 1398272K, used 1397870K [0x0000000080000000, 0x00000000d5580000, 0x00000000d5580000)
  object space 1398272K, 99% used [0x0000000080000000,0x00000000d551b8e0,0x00000000d5580000)
 Metaspace       used 40020K, committed 41216K, reserved 1114112K
  class space    used 3818K, committed 4352K, reserved 1048576K
}
Event: 3458.392 GC heap before
{Heap before GC invocations=19517 (full 3393):
 PSYoungGen      total 33280K, used 29695K [0x00000000d5580000, 0x00000000d7a00000, 0x0000000100000000)
  eden space 29696K, 99% used [0x00000000d5580000,0x00000000d727fff8,0x00000000d7280000)
  from space 3584K, 0% used [0x00000000d7280000,0x00000000d7280000,0x00000000d7600000)
  to   space 2560K, 0% used [0x00000000d7600000,0x00000000d7600000,0x00000000d7880000)
 ParOldGen       total 1398272K, used 1397870K [0x0000000080000000, 0x00000000d5580000, 0x00000000d5580000)
  object space 1398272K, 99% used [0x0000000080000000,0x00000000d551b8e0,0x00000000d5580000)
 Metaspace       used 40020K, committed 41216K, reserved 1114112K
  class space    used 3818K, committed 4352K, reserved 1048576K
}
Event: 3459.120 GC heap after
{Heap after GC invocations=19517 (full 3393):
 PSYoungGen      total 32256K, used 29695K [0x00000000d5580000, 0x00000000d7a00000, 0x0000000100000000)
  eden space 29696K, 99% used [0x00000000d5580000,0x00000000d727ffd8,0x00000000d7280000)
  from space 2560K, 0% used [0x00000000d7600000,0x00000000d7600000,0x00000000d7880000)
  to   space 3584K, 0% used [0x00000000d7280000,0x00000000d7280000,0x00000000d7600000)
 ParOldGen       total 1398272K, used 1397870K [0x0000000080000000, 0x00000000d5580000, 0x00000000d5580000)
  object space 1398272K, 99% used [0x0000000080000000,0x00000000d551b8e0,0x00000000d5580000)
 Metaspace       used 40020K, committed 41216K, reserved 1114112K
  class space    used 3818K, committed 4352K, reserved 1048576K
}
Event: 3459.120 GC heap before
{Heap before GC invocations=19518 (full 3394):
 PSYoungGen      total 32256K, used 29695K [0x00000000d5580000, 0x00000000d7a00000, 0x0000000100000000)
  eden space 29696K, 99% used [0x00000000d5580000,0x00000000d727fff8,0x00000000d7280000)
  from space 2560K, 0% used [0x00000000d7600000,0x00000000d7600000,0x00000000d7880000)
  to   space 3584K, 0% used [0x00000000d7280000,0x00000000d7280000,0x00000000d7600000)
 ParOldGen       total 1398272K, used 1397870K [0x0000000080000000, 0x00000000d5580000, 0x00000000d5580000)
  object space 1398272K, 99% used [0x0000000080000000,0x00000000d551b8e0,0x00000000d5580000)
 Metaspace       used 40020K, committed 41216K, reserved 1114112K
  class space    used 3818K, committed 4352K, reserved 1048576K
}
Event: 3459.833 GC heap after
{Heap after GC invocations=19518 (full 3394):
 PSYoungGen      total 33280K, used 29695K [0x00000000d5580000, 0x00000000d7a00000, 0x0000000100000000)
  eden space 29696K, 99% used [0x00000000d5580000,0x00000000d727fff8,0x00000000d7280000)
  from space 3584K, 0% used [0x00000000d7280000,0x00000000d7280000,0x00000000d7600000)
  to   space 2560K, 0% used [0x00000000d7600000,0x00000000d7600000,0x00000000d7880000)
 ParOldGen       total 1398272K, used 1397870K [0x0000000080000000, 0x00000000d5580000, 0x00000000d5580000)
  object space 1398272K, 99% used [0x0000000080000000,0x00000000d551b8e0,0x00000000d5580000)
 Metaspace       used 40020K, committed 41216K, reserved 1114112K
  class space    used 3818K, committed 4352K, reserved 1048576K
}
Event: 3459.833 GC heap before
{Heap before GC invocations=19519 (full 3395):
 PSYoungGen      total 33280K, used 29695K [0x00000000d5580000, 0x00000000d7a00000, 0x0000000100000000)
  eden space 29696K, 99% used [0x00000000d5580000,0x00000000d727fff8,0x00000000d7280000)
  from space 3584K, 0% used [0x00000000d7280000,0x00000000d7280000,0x00000000d7600000)
  to   space 2560K, 0% used [0x00000000d7600000,0x00000000d7600000,0x00000000d7880000)
 ParOldGen       total 1398272K, used 1397874K [0x0000000080000000, 0x00000000d5580000, 0x00000000d5580000)
  object space 1398272K, 99% used [0x0000000080000000,0x00000000d551caa0,0x00000000d5580000)
 Metaspace       used 40020K, committed 41216K, reserved 1114112K
  class space    used 3818K, committed 4352K, reserved 1048576K
}
Event: 3485.826 GC heap after
{Heap after GC invocations=19519 (full 3395):
 PSYoungGen      total 32256K, used 29694K [0x00000000d5580000, 0x00000000d7a00000, 0x0000000100000000)
  eden space 29696K, 99% used [0x00000000d5580000,0x00000000d727fb90,0x00000000d7280000)
  from space 2560K, 0% used [0x00000000d7600000,0x00000000d7600000,0x00000000d7880000)
  to   space 3584K, 0% used [0x00000000d7280000,0x00000000d7280000,0x00000000d7600000)
 ParOldGen       total 1398272K, used 1397868K [0x0000000080000000, 0x00000000d5580000, 0x00000000d5580000)
  object space 1398272K, 99% used [0x0000000080000000,0x00000000d551b170,0x00000000d5580000)
 Metaspace       used 40020K, committed 41216K, reserved 1114112K
  class space    used 3818K, committed 4352K, reserved 1048576K
}
Event: 3485.826 GC heap before
{Heap before GC invocations=19520 (full 3396):
 PSYoungGen      total 32256K, used 29696K [0x00000000d5580000, 0x00000000d7a00000, 0x0000000100000000)
  eden space 29696K, 100% used [0x00000000d5580000,0x00000000d7280000,0x00000000d7280000)
  from space 2560K, 0% used [0x00000000d7600000,0x00000000d7600000,0x00000000d7880000)
  to   space 3584K, 0% used [0x00000000d7280000,0x00000000d7280000,0x00000000d7600000)
 ParOldGen       total 1398272K, used 1397868K [0x0000000080000000, 0x00000000d5580000, 0x00000000d5580000)
  object space 1398272K, 99% used [0x0000000080000000,0x00000000d551b170,0x00000000d5580000)
 Metaspace       used 40020K, committed 41216K, reserved 1114112K
  class space    used 3818K, committed 4352K, reserved 1048576K
}

Dll operation events (11 events):
Event: 0.011 Loaded shared library C:\Program Files\Java\jdk-21\bin\java.dll
Event: 0.055 Loaded shared library C:\Program Files\Java\jdk-21\bin\jsvml.dll
Event: 0.101 Loaded shared library C:\Program Files\Java\jdk-21\bin\zip.dll
Event: 0.107 Loaded shared library C:\Program Files\Java\jdk-21\bin\instrument.dll
Event: 0.111 Loaded shared library C:\Program Files\Java\jdk-21\bin\net.dll
Event: 0.112 Loaded shared library C:\Program Files\Java\jdk-21\bin\nio.dll
Event: 0.115 Loaded shared library C:\Program Files\Java\jdk-21\bin\zip.dll
Event: 0.127 Loaded shared library C:\Program Files\Java\jdk-21\bin\jimage.dll
Event: 0.204 Loaded shared library C:\Program Files\Java\jdk-21\bin\verify.dll
Event: 1.316 Loaded shared library C:\Users\japarejo\AppData\Roaming\Code\User\globalStorage\redhat.java\1.47.0\config_ss_win\org.eclipse.equinox.launcher\org.eclipse.equinox.launcher.win32.win32.x86_64_1.2.1400.v20250801-0854\eclipse_11916.dll
Event: 2.789 Loaded shared library C:\Users\japarejo\AppData\Local\Temp\jna--752611296\jna1339040043170840556.dll

Deoptimization events (20 events):
Event: 301.970 Thread 0x000002ac5b633a90 Uncommon trap: trap_request=0xffffff45 fr.pc=0x000002ac07cd6e54 relative=0x0000000000000fd4
Event: 301.970 Thread 0x000002ac5b633a90 Uncommon trap: reason=unstable_if action=reinterpret pc=0x000002ac07cd6e54 method=org.eclipse.core.internal.jobs.DeadlockDetector.reduceGraph(ILorg/eclipse/core/runtime/jobs/ISchedulingRule;)V @ 220 c2
Event: 301.970 Thread 0x000002ac5b633a90 DEOPT PACKING pc=0x000002ac07cd6e54 sp=0x000000b5103fe690
Event: 301.970 Thread 0x000002ac5b633a90 DEOPT UNPACKING pc=0x000002ac074a6da2 sp=0x000000b5103fe618 mode 2
Event: 368.034 Thread 0x000002ac5b633400 Uncommon trap: trap_request=0xffffffcc fr.pc=0x000002ac07cccf70 relative=0x0000000000001130
Event: 368.034 Thread 0x000002ac5b633400 Uncommon trap: reason=intrinsic_or_type_checked_inlining action=make_not_entrant pc=0x000002ac07cccf70 method=java.util.ComparableTimSort.mergeHi(IIII)V @ 494 c2
Event: 368.034 Thread 0x000002ac5b633400 DEOPT PACKING pc=0x000002ac07cccf70 sp=0x000000b5102fddf0
Event: 368.034 Thread 0x000002ac5b633400 DEOPT UNPACKING pc=0x000002ac074a6da2 sp=0x000000b5102fddc0 mode 2
Event: 375.169 Thread 0x000002ac5b633400 Uncommon trap: trap_request=0xffffffd6 fr.pc=0x000002ac07e2261c relative=0x00000000000018dc
Event: 375.169 Thread 0x000002ac5b633400 Uncommon trap: reason=array_check action=maybe_recompile pc=0x000002ac07e2261c method=java.util.ComparableTimSort.mergeHi(IIII)V @ 521 c2
Event: 375.169 Thread 0x000002ac5b633400 DEOPT PACKING pc=0x000002ac07e2261c sp=0x000000b5102fddf0
Event: 375.169 Thread 0x000002ac5b633400 DEOPT UNPACKING pc=0x000002ac074a6da2 sp=0x000000b5102fddd0 mode 2
Event: 379.885 Thread 0x000002ac5b633400 Uncommon trap: trap_request=0xffffffd6 fr.pc=0x000002ac07e2261c relative=0x00000000000018dc
Event: 379.886 Thread 0x000002ac5b633400 Uncommon trap: reason=array_check action=maybe_recompile pc=0x000002ac07e2261c method=java.util.ComparableTimSort.mergeHi(IIII)V @ 521 c2
Event: 379.886 Thread 0x000002ac5b633400 DEOPT PACKING pc=0x000002ac07e2261c sp=0x000000b5102fddf0
Event: 379.886 Thread 0x000002ac5b633400 DEOPT UNPACKING pc=0x000002ac074a6da2 sp=0x000000b5102fddd0 mode 2
Event: 2162.516 Thread 0x000002ac5ab1bf40 Uncommon trap: trap_request=0xffffff45 fr.pc=0x000002ac07e44270 relative=0x00000000000003b0
Event: 2162.516 Thread 0x000002ac5ab1bf40 Uncommon trap: reason=unstable_if action=reinterpret pc=0x000002ac07e44270 method=com.sun.jna.internal.Cleaner.remove(Lcom/sun/jna/internal/Cleaner$CleanerRef;)Z @ 14 c2
Event: 2162.516 Thread 0x000002ac5ab1bf40 DEOPT PACKING pc=0x000002ac07e44270 sp=0x000000b50ecff1b0
Event: 2162.516 Thread 0x000002ac5ab1bf40 DEOPT UNPACKING pc=0x000002ac074a6da2 sp=0x000000b50ecff150 mode 2

Classes loaded (20 events):
Event: 3.613 Loading class java/util/ImmutableCollections$SubList
Event: 3.613 Loading class java/util/ImmutableCollections$SubList done
Event: 3.762 Loading class java/nio/channels/Channels$ReadableByteChannelImpl
Event: 3.763 Loading class java/nio/channels/Channels$ReadableByteChannelImpl done
Event: 3.764 Loading class java/nio/channels/NonWritableChannelException
Event: 3.764 Loading class java/nio/channels/NonWritableChannelException done
Event: 3.947 Loading class java/util/Vector$1
Event: 3.947 Loading class java/util/Vector$1 done
Event: 4.219 Loading class java/io/FileReader
Event: 4.219 Loading class java/io/FileReader done
Event: 4.220 Loading class java/lang/UnsupportedClassVersionError
Event: 4.220 Loading class java/lang/UnsupportedClassVersionError done
Event: 4.321 Loading class java/util/regex/Pattern$Caret
Event: 4.321 Loading class java/util/regex/Pattern$Caret done
Event: 4.439 Loading class java/util/regex/Pattern$Pos
Event: 4.439 Loading class java/util/regex/Pattern$Pos done
Event: 4.544 Loading class java/util/Hashtable$ValueCollection
Event: 4.544 Loading class java/util/Hashtable$ValueCollection done
Event: 4.562 Loading class java/util/WeakHashMap$KeyIterator
Event: 4.563 Loading class java/util/WeakHashMap$KeyIterator done

Classes unloaded (20 events):
Event: 850.468 Thread 0x000002ac548e32d0 Unloading class 0x000002ac14174000 'java/lang/invoke/LambdaForm$MH+0x000002ac14174000'
Event: 850.468 Thread 0x000002ac548e32d0 Unloading class 0x000002ac1414d000 'java/lang/invoke/LambdaForm$MH+0x000002ac1414d000'
Event: 850.468 Thread 0x000002ac548e32d0 Unloading class 0x000002ac1414c800 'java/lang/invoke/LambdaForm$MH+0x000002ac1414c800'
Event: 850.468 Thread 0x000002ac548e32d0 Unloading class 0x000002ac1414c400 'java/lang/invoke/LambdaForm$MH+0x000002ac1414c400'
Event: 850.468 Thread 0x000002ac548e32d0 Unloading class 0x000002ac1414c000 'java/lang/invoke/LambdaForm$MH+0x000002ac1414c000'
Event: 850.468 Thread 0x000002ac548e32d0 Unloading class 0x000002ac14146c00 'java/lang/invoke/LambdaForm$MH+0x000002ac14146c00'
Event: 850.468 Thread 0x000002ac548e32d0 Unloading class 0x000002ac14146800 'java/lang/invoke/LambdaForm$MH+0x000002ac14146800'
Event: 850.468 Thread 0x000002ac548e32d0 Unloading class 0x000002ac14146000 'java/lang/invoke/LambdaForm$MH+0x000002ac14146000'
Event: 850.468 Thread 0x000002ac548e32d0 Unloading class 0x000002ac14108000 'java/lang/invoke/LambdaForm$MH+0x000002ac14108000'
Event: 850.468 Thread 0x000002ac548e32d0 Unloading class 0x000002ac140b8400 'java/lang/invoke/LambdaForm$MH+0x000002ac140b8400'
Event: 850.468 Thread 0x000002ac548e32d0 Unloading class 0x000002ac140a5400 'java/lang/invoke/LambdaForm$MH+0x000002ac140a5400'
Event: 850.468 Thread 0x000002ac548e32d0 Unloading class 0x000002ac1401f800 'java/lang/invoke/LambdaForm$MH+0x000002ac1401f800'
Event: 850.468 Thread 0x000002ac548e32d0 Unloading class 0x000002ac1401e800 'java/lang/invoke/LambdaForm$MH+0x000002ac1401e800'
Event: 850.468 Thread 0x000002ac548e32d0 Unloading class 0x000002ac1401e400 'java/lang/invoke/LambdaForm$MH+0x000002ac1401e400'
Event: 850.468 Thread 0x000002ac548e32d0 Unloading class 0x000002ac1401dc00 'java/lang/invoke/LambdaForm$MH+0x000002ac1401dc00'
Event: 850.468 Thread 0x000002ac548e32d0 Unloading class 0x000002ac1401d400 'java/lang/invoke/LambdaForm$MH+0x000002ac1401d400'
Event: 850.468 Thread 0x000002ac548e32d0 Unloading class 0x000002ac14014800 'java/lang/invoke/LambdaForm$MH+0x000002ac14014800'
Event: 850.468 Thread 0x000002ac548e32d0 Unloading class 0x000002ac14002000 'java/lang/invoke/LambdaForm$MH+0x000002ac14002000'
Event: 850.468 Thread 0x000002ac548e32d0 Unloading class 0x000002ac14001800 'java/lang/invoke/LambdaForm$MH+0x000002ac14001800'
Event: 850.468 Thread 0x000002ac548e32d0 Unloading class 0x000002ac14000400 'java/lang/invoke/LambdaForm$MH+0x000002ac14000400'

Classes redefined (0 events):
No events

Internal exceptions (20 events):
Event: 3.408 Thread 0x000002ac5b633a90 Exception <a 'sun/nio/fs/WindowsException'{0x00000000d575ba70}> (0x00000000d575ba70) 
thrown [s\open\src\hotspot\share\prims\jni.cpp, line 520]
Event: 3.414 Thread 0x000002ac5b633400 Exception <a 'sun/nio/fs/WindowsException'{0x00000000d56b08d8}> (0x00000000d56b08d8) 
thrown [s\open\src\hotspot\share\prims\jni.cpp, line 520]
Event: 3.427 Thread 0x000002ac5b633400 Exception <a 'sun/nio/fs/WindowsException'{0x00000000d5a21c08}> (0x00000000d5a21c08) 
thrown [s\open\src\hotspot\share\prims\jni.cpp, line 520]
Event: 3.455 Thread 0x000002ac5b633a90 Implicit null exception at 0x000002ac07d39277 to 0x000002ac07d394e8
Event: 3.455 Thread 0x000002ac5b633a90 Exception <a 'java/lang/NoSuchMethodError'{0x00000000d5e1b0e0}: 'long java.lang.invoke.DirectMethodHandle$Holder.invokeStatic(java.lang.Object, java.lang.Object, int)'> (0x00000000d5e1b0e0) 
thrown [s\open\src\hotspot\share\interpreter\linkResolver.cpp, line 773]
Event: 3.457 Thread 0x000002ac5b633a90 Exception <a 'java/lang/NoSuchMethodError'{0x00000000d5e38338}: 'java.lang.Object java.lang.invoke.DelegatingMethodHandle$Holder.reinvoke_L(java.lang.Object, int, long, java.lang.Object, java.lang.Object, int, java.lang.Object)'> (0x00000000d5e38338) 
thrown [s\open\src\hotspot\share\interpreter\linkResolver.cpp, line 773]
Event: 3.544 Thread 0x000002ac5b633a90 Exception <a 'java/lang/NoSuchMethodError'{0x00000000d6b039c8}: 'java.lang.Object java.lang.invoke.DirectMethodHandle$Holder.invokeStaticInit(java.lang.Object, java.lang.Object, java.lang.Object, java.lang.Object, java.lang.Object, java.lang.Object, java.lang.Object)'> (0x00000000d6b039c8) 
thrown [s\open\src\hotspot\share\interpreter\linkResolver.cpp, line 773]
Event: 3.545 Thread 0x000002ac5b633a90 Exception <a 'java/lang/NoSuchMethodError'{0x00000000d6b084f0}: 'java.lang.Object java.lang.invoke.Invokers$Holder.invoke_MT(java.lang.Object, java.lang.Object, java.lang.Object, java.lang.Object, java.lang.Object, java.lang.Object, java.lang.Object, java.lang.Object, java.lang.Object, java.lang.Object)'> (0x00000000d6b084f0) 
thrown [s\open\src\hotspot\share\interpreter\linkResolver.cpp, line 773]
Event: 3.549 Thread 0x000002ac5b633a90 Exception <a 'java/lang/NoSuchMethodError'{0x00000000d6b9f6b8}: 'int java.lang.invoke.DirectMethodHandle$Holder.invokeVirtual(java.lang.Object, java.lang.Object, java.lang.Object)'> (0x00000000d6b9f6b8) 
thrown [s\open\src\hotspot\share\interpreter\linkResolver.cpp, line 773]
Event: 3.550 Thread 0x000002ac5b633a90 Exception <a 'java/lang/NoSuchMethodError'{0x00000000d6ba3920}: 'int java.lang.invoke.DirectMethodHandle$Holder.invokeStaticInit(java.lang.Object, int, int)'> (0x00000000d6ba3920) 
thrown [s\open\src\hotspot\share\interpreter\linkResolver.cpp, line 773]
Event: 3.550 Thread 0x000002ac5b633a90 Exception <a 'java/lang/NoSuchMethodError'{0x00000000d6bc3aa8}: 'int java.lang.invoke.DirectMethodHandle$Holder.invokeStaticInit(java.lang.Object, long, long)'> (0x00000000d6bc3aa8) 
thrown [s\open\src\hotspot\share\interpreter\linkResolver.cpp, line 773]
Event: 3.550 Thread 0x000002ac5b633a90 Exception <a 'java/lang/NoSuchMethodError'{0x00000000d6bca8d8}: 'int java.lang.invoke.DirectMethodHandle$Holder.invokeStaticInit(java.lang.Object, float, float)'> (0x00000000d6bca8d8) 
thrown [s\open\src\hotspot\share\interpreter\linkResolver.cpp, line 773]
Event: 3.551 Thread 0x000002ac5b633a90 Exception <a 'java/lang/NoSuchMethodError'{0x00000000d6bd14b8}: 'int java.lang.invoke.DirectMethodHandle$Holder.invokeStaticInit(java.lang.Object, double, double)'> (0x00000000d6bd14b8) 
thrown [s\open\src\hotspot\share\interpreter\linkResolver.cpp, line 773]
Event: 3.551 Thread 0x000002ac5b633a90 Exception <a 'java/lang/NoSuchMethodError'{0x00000000d6bd5f48}: 'int java.lang.invoke.DirectMethodHandle$Holder.invokeStatic(java.lang.Object, long)'> (0x00000000d6bd5f48) 
thrown [s\open\src\hotspot\share\interpreter\linkResolver.cpp, line 773]
Event: 3.554 Thread 0x000002ac5b633a90 Exception <a 'java/lang/NoSuchMethodError'{0x00000000d6bfd510}: 'int java.lang.invoke.Invokers$Holder.linkToTargetMethod(java.lang.Object, java.lang.Object)'> (0x00000000d6bfd510) 
thrown [s\open\src\hotspot\share\interpreter\linkResolver.cpp, line 773]
Event: 3.677 Thread 0x000002ac5b630ca0 Exception <a 'java/lang/LinkageError'{0x00000000d571c3a8}: loader lombok.launch.ShadowClassLoader @135cb48c attempted duplicate class definition for lombok.launch.PatchFixesHider$Transform. (lombok.launch.PatchFixesHider$Transform is in unnamed module of loader lombok.launch.ShadowClassLoader @135cb48c, parent loader org.eclipse.osgi.internal.loader.EquinoxClassLoader @3f6fdca6)> (0x00000000d571c3a8) 
thrown [s\open\src\hotspot\share\classfile\systemDictionary.cpp, line 1682]
Event: 4.242 Thread 0x000002ac5b633a90 Exception <a 'java/lang/NoSuchMethodError'{0x00000000d5fc85e8}: 'int java.lang.invoke.Invokers$Holder.invokeExact_MT(java.lang.Object, java.lang.Object)'> (0x00000000d5fc85e8) 
thrown [s\open\src\hotspot\share\interpreter\linkResolver.cpp, line 773]
Event: 4.262 Thread 0x000002ac5bca7840 Implicit null exception at 0x000002ac07d71bc1 to 0x000002ac07d72778
Event: 4.509 Thread 0x000002ac5bca7840 Exception <a 'java/lang/LinkageError'{0x00000000d5612918}: loader lombok.launch.ShadowClassLoader @2a0f12a6 attempted duplicate class definition for lombok.launch.PatchFixesHider$FieldInitializer. (lombok.launch.PatchFixesHider$FieldInitializer is in unnamed module of loader lombok.launch.ShadowClassLoader @2a0f12a6, parent loader org.eclipse.osgi.internal.loader.EquinoxClassLoader @2af2d712)> (0x00000000d5612918) 
thrown [s\open\src\hotspot\share\classfile\systemDictionary.cpp, line 1682]
Event: 4.576 Thread 0x000002ac5b630ca0 Exception <a 'java/lang/NoSuchMethodError'{0x00000000d6366788}: 'java.lang.Object java.lang.invoke.DirectMethodHandle$Holder.invokeSpecial(java.lang.Object, java.lang.Object, java.lang.Object, java.lang.Object, int, java.lang.Object, java.lang.Object)'> (0x00000000d6366788) 
thrown [s\open\src\hotspot\share\interpreter\linkResolver.cpp, line 773]

ZGC Phase Switch (0 events):
No events

VM Operations (20 events):
Event: 3454.350 Executing VM operation: ParallelGCFailedAllocation (Allocation Failure) done
Event: 3454.350 Executing VM operation: ParallelGCFailedAllocation (Allocation Failure)
Event: 3455.046 Executing VM operation: ParallelGCFailedAllocation (Allocation Failure) done
Event: 3455.046 Executing VM operation: ParallelGCFailedAllocation (Allocation Failure)
Event: 3455.716 Executing VM operation: ParallelGCFailedAllocation (Allocation Failure) done
Event: 3455.716 Executing VM operation: ParallelGCFailedAllocation (Allocation Failure)
Event: 3456.402 Executing VM operation: ParallelGCFailedAllocation (Allocation Failure) done
Event: 3456.403 Executing VM operation: ParallelGCFailedAllocation (Allocation Failure)
Event: 3457.041 Executing VM operation: ParallelGCFailedAllocation (Allocation Failure) done
Event: 3457.041 Executing VM operation: ParallelGCFailedAllocation (Allocation Failure)
Event: 3457.672 Executing VM operation: ParallelGCFailedAllocation (Allocation Failure) done
Event: 3457.672 Executing VM operation: ParallelGCFailedAllocation (Allocation Failure)
Event: 3458.392 Executing VM operation: ParallelGCFailedAllocation (Allocation Failure) done
Event: 3458.392 Executing VM operation: ParallelGCFailedAllocation (Allocation Failure)
Event: 3459.120 Executing VM operation: ParallelGCFailedAllocation (Allocation Failure) done
Event: 3459.120 Executing VM operation: ParallelGCFailedAllocation (Allocation Failure)
Event: 3459.833 Executing VM operation: ParallelGCFailedAllocation (Allocation Failure) done
Event: 3459.833 Executing VM operation: ParallelGCFailedAllocation (Allocation Failure)
Event: 3485.826 Executing VM operation: ParallelGCFailedAllocation (Allocation Failure) done
Event: 3485.826 Executing VM operation: ParallelGCFailedAllocation (Allocation Failure)

Events (20 events):
Event: 351.753 Thread 0x000002ac548e32d0 flushing nmethod 0x000002ac001c9c90
Event: 374.125 Thread 0x000002ac548e32d0 flushing nmethod 0x000002ac003cbb10
Event: 380.290 Thread 0x000002ac548e32d0 flushing nmethod 0x000002ac07ccbb90
Event: 386.956 Thread 0x000002ac548e32d0 flushing nmethod 0x000002ac07e20a90
Event: 469.862 Thread 0x000002ac548e32d0 flushing nmethod 0x000002ac00a7a990
Event: 477.087 Thread 0x000002ac548e32d0 flushing nmethod 0x000002ac0001f110
Event: 520.128 Thread 0x000002ac548e32d0 flushing nmethod 0x000002ac00794c10
Event: 622.541 Thread 0x000002ac548e32d0 flushing nmethod 0x000002ac0027af90
Event: 709.828 Thread 0x000002ac548e32d0 flushing nmethod 0x000002ac00a81810
Event: 850.474 Thread 0x000002ac548e32d0 flushing nmethod 0x000002ac00591c90
Event: 850.474 Thread 0x000002ac548e32d0 flushing nmethod 0x000002ac00a6cc10
Event: 865.669 Thread 0x000002ac548e32d0 flushing nmethod 0x000002ac00455090
Event: 865.669 Thread 0x000002ac548e32d0 flushing nmethod 0x000002ac00455510
Event: 1499.509 Thread 0x000002ac548e32d0 flushing nmethod 0x000002ac0017a390
Event: 1553.375 Thread 0x000002ac548e32d0 flushing nmethod 0x000002ac0002a510
Event: 1689.404 Thread 0x000002ac548e32d0 flushing nmethod 0x000002ac00182490
Event: 2163.897 Thread 0x000002ac548e32d0 flushing nmethod 0x000002ac07e43d10
Event: 2511.437 Thread 0x000002ac548e32d0 flushing nmethod 0x000002ac0076b410
Event: 2676.355 Thread 0x000002ac548e32d0 flushing nmethod 0x000002ac00680690
Event: 3219.058 Thread 0x000002ac548e32d0 flushing nmethod 0x000002ac007f5f90


Dynamic libraries:
0x00007ff78e5d0000 - 0x00007ff78e5e0000 	C:\Program Files\Java\jdk-21\bin\java.exe
0x00007ffef6560000 - 0x00007ffef676a000 	C:\Windows\SYSTEM32\ntdll.dll
0x00007ffef4df0000 - 0x00007ffef4ead000 	C:\Windows\System32\KERNEL32.DLL
0x00007ffef3ae0000 - 0x00007ffef3e65000 	C:\Windows\System32\KERNELBASE.dll
0x00007ffef3fb0000 - 0x00007ffef40c1000 	C:\Windows\System32\ucrtbase.dll
0x00007ffe88160000 - 0x00007ffe8817b000 	C:\Program Files\Java\jdk-21\bin\VCRUNTIME140.dll
0x00007ffe85290000 - 0x00007ffe852a9000 	C:\Program Files\Java\jdk-21\bin\jli.dll
0x00007ffef44e0000 - 0x00007ffef4591000 	C:\Windows\System32\ADVAPI32.dll
0x00007ffef51a0000 - 0x00007ffef5243000 	C:\Windows\System32\msvcrt.dll
0x00007ffef6370000 - 0x00007ffef6411000 	C:\Windows\System32\sechost.dll
0x00007ffef42c0000 - 0x00007ffef42e7000 	C:\Windows\System32\bcrypt.dll
0x00007ffef43b0000 - 0x00007ffef44d1000 	C:\Windows\System32\RPCRT4.dll
0x00007ffef6070000 - 0x00007ffef621c000 	C:\Windows\System32\USER32.dll
0x00007ffef3e70000 - 0x00007ffef3e96000 	C:\Windows\System32\win32u.dll
0x00007ffeddc00000 - 0x00007ffeddea5000 	C:\Windows\WinSxS\amd64_microsoft.windows.common-controls_6595b64144ccf1df_6.0.22000.2600_none_1b65155c6ae217ae\COMCTL32.dll
0x00007ffef4fa0000 - 0x00007ffef4fc9000 	C:\Windows\System32\GDI32.dll
0x00007ffef39c0000 - 0x00007ffef3adc000 	C:\Windows\System32\gdi32full.dll
0x00007ffef3ea0000 - 0x00007ffef3f3d000 	C:\Windows\System32\msvcp_win.dll
0x00007ffeee920000 - 0x00007ffeee92a000 	C:\Windows\SYSTEM32\VERSION.dll
0x00007ffef45a0000 - 0x00007ffef45d1000 	C:\Windows\System32\IMM32.DLL
0x00007ffed5c60000 - 0x00007ffed5c6c000 	C:\Program Files\Java\jdk-21\bin\vcruntime140_1.dll
0x00007ffe84530000 - 0x00007ffe845be000 	C:\Program Files\Java\jdk-21\bin\msvcp140.dll
0x00007ffddf9a0000 - 0x00007ffde06bd000 	C:\Program Files\Java\jdk-21\bin\server\jvm.dll
0x00007ffef5b00000 - 0x00007ffef5b6f000 	C:\Windows\System32\WS2_32.dll
0x00007ffef2370000 - 0x00007ffef23bd000 	C:\Windows\SYSTEM32\POWRPROF.dll
0x00007ffeedcd0000 - 0x00007ffeedd03000 	C:\Windows\SYSTEM32\WINMM.dll
0x00007ffef2460000 - 0x00007ffef2473000 	C:\Windows\SYSTEM32\UMPDC.dll
0x00007ffef2b60000 - 0x00007ffef2b78000 	C:\Windows\SYSTEM32\kernel.appcore.dll
0x00007ffec53e0000 - 0x00007ffec53ea000 	C:\Program Files\Java\jdk-21\bin\jimage.dll
0x00007ffef1030000 - 0x00007ffef1251000 	C:\Windows\SYSTEM32\DBGHELP.DLL
0x00007ffed7450000 - 0x00007ffed7481000 	C:\Windows\SYSTEM32\dbgcore.DLL
0x00007ffef40d0000 - 0x00007ffef414f000 	C:\Windows\System32\bcryptPrimitives.dll
0x00007ffebd170000 - 0x00007ffebd17f000 	C:\Program Files\Java\jdk-21\bin\instrument.dll
0x00007ffe87550000 - 0x00007ffe8756f000 	C:\Program Files\Java\jdk-21\bin\java.dll
0x00007ffef5250000 - 0x00007ffef5a16000 	C:\Windows\System32\SHELL32.dll
0x00007ffef1af0000 - 0x00007ffef2354000 	C:\Windows\SYSTEM32\windows.storage.dll
0x00007ffef4950000 - 0x00007ffef4cc6000 	C:\Windows\System32\combase.dll
0x00007ffef1980000 - 0x00007ffef1ae7000 	C:\Windows\SYSTEM32\wintypes.dll
0x00007ffef4640000 - 0x00007ffef472a000 	C:\Windows\System32\SHCORE.dll
0x00007ffef45e0000 - 0x00007ffef463d000 	C:\Windows\System32\shlwapi.dll
0x00007ffef38f0000 - 0x00007ffef3911000 	C:\Windows\SYSTEM32\profapi.dll
0x00007ffe85310000 - 0x00007ffe853e7000 	C:\Program Files\Java\jdk-21\bin\jsvml.dll
0x00007ffe861a0000 - 0x00007ffe861b8000 	C:\Program Files\Java\jdk-21\bin\zip.dll
0x00007ffec20e0000 - 0x00007ffec20f0000 	C:\Program Files\Java\jdk-21\bin\net.dll
0x00007ffeef0e0000 - 0x00007ffeef1f4000 	C:\Windows\SYSTEM32\WINHTTP.dll
0x00007ffef2ff0000 - 0x00007ffef3057000 	C:\Windows\system32\mswsock.dll
0x00007ffe861c0000 - 0x00007ffe861d6000 	C:\Program Files\Java\jdk-21\bin\nio.dll
0x00007ffec1bb0000 - 0x00007ffec1bc0000 	C:\Program Files\Java\jdk-21\bin\verify.dll
0x00007ffe844e0000 - 0x00007ffe84524000 	C:\Users\japarejo\AppData\Roaming\Code\User\globalStorage\redhat.java\1.47.0\config_ss_win\org.eclipse.equinox.launcher\org.eclipse.equinox.launcher.win32.win32.x86_64_1.2.1400.v20250801-0854\eclipse_11916.dll
0x00007ffef4730000 - 0x00007ffef48ca000 	C:\Windows\System32\ole32.dll
0x00007ffef3230000 - 0x00007ffef3248000 	C:\Windows\SYSTEM32\CRYPTSP.dll
0x00007ffef2ac0000 - 0x00007ffef2af5000 	C:\Windows\system32\rsaenh.dll
0x00007ffef30e0000 - 0x00007ffef3109000 	C:\Windows\SYSTEM32\USERENV.dll
0x00007ffef3250000 - 0x00007ffef325c000 	C:\Windows\SYSTEM32\CRYPTBASE.dll
0x00007ffef2690000 - 0x00007ffef26bd000 	C:\Windows\SYSTEM32\IPHLPAPI.DLL
0x00007ffef5190000 - 0x00007ffef5199000 	C:\Windows\System32\NSI.dll
0x00007ffe79690000 - 0x00007ffe796d9000 	C:\Users\japarejo\AppData\Local\Temp\jna--752611296\jna1339040043170840556.dll
0x00007ffef4940000 - 0x00007ffef4948000 	C:\Windows\System32\PSAPI.DLL
0x00007ffeef400000 - 0x00007ffeef419000 	C:\Windows\SYSTEM32\dhcpcsvc6.DLL
0x00007ffeef5b0000 - 0x00007ffeef5ce000 	C:\Windows\SYSTEM32\dhcpcsvc.DLL

dbghelp: loaded successfully - version: 4.0.5 - missing functions: none
symbol engine: initialized successfully - sym options: 0x614 - pdb path: .;C:\Program Files\Java\jdk-21\bin;C:\Windows\SYSTEM32;C:\Windows\WinSxS\amd64_microsoft.windows.common-controls_6595b64144ccf1df_6.0.22000.2600_none_1b65155c6ae217ae;C:\Program Files\Java\jdk-21\bin\server;C:\Users\japarejo\AppData\Roaming\Code\User\globalStorage\redhat.java\1.47.0\config_ss_win\org.eclipse.equinox.launcher\org.eclipse.equinox.launcher.win32.win32.x86_64_1.2.1400.v20250801-0854;C:\Users\japarejo\AppData\Local\Temp\jna--752611296

VM Arguments:
jvm_args: --add-modules=ALL-SYSTEM --add-opens=java.base/java.util=ALL-UNNAMED --add-opens=java.base/java.lang=ALL-UNNAMED --add-opens=java.base/sun.nio.fs=ALL-UNNAMED -Declipse.application=org.eclipse.jdt.ls.core.id1 -Dosgi.bundles.defaultStartLevel=4 -Declipse.product=org.eclipse.jdt.ls.core.product -Djava.import.generatesMetadataFilesAtProjectRoot=false -DDetectVMInstallationsJob.disabled=true -Dfile.encoding=utf8 -XX:+UseParallelGC -XX:GCTimeRatio=4 -XX:AdaptiveSizePolicyWeight=90 -Dsun.zip.disableMemoryMapping=true -Xmx2G -Xms100m -Xlog:disable -javaagent:c:\Users\japarejo\.vscode\extensions\redhat.java-1.47.0-win32-x64\lombok\lombok-1.18.39-4050.jar 
java_command: c:\Users\japarejo\.vscode\extensions\redhat.java-1.47.0-win32-x64\server\plugins\org.eclipse.equinox.launcher_1.7.100.v20251014-1222.jar -configuration c:\Users\japarejo\AppData\Roaming\Code\User\globalStorage\redhat.java\1.47.0\config_ss_win -data c:\Users\japarejo\AppData\Roaming\Code\User\workspaceStorage\f20d813cca75d096b33fb5db71518ef8\redhat.java\ss_ws --pipe=\\.\pipe\lsp-32b5d7a5da291fc78f4af70ac813af3c-sock
java_class_path (initial): c:\Users\japarejo\.vscode\extensions\redhat.java-1.47.0-win32-x64\server\plugins\org.eclipse.equinox.launcher_1.7.100.v20251014-1222.jar
Launcher Type: SUN_STANDARD

[Global flags]
    uintx AdaptiveSizePolicyWeight                 = 90                                        {product} {command line}
     intx CICompilerCount                          = 12                                        {product} {ergonomic}
    uintx GCTimeRatio                              = 4                                         {product} {command line}
   size_t InitialHeapSize                          = 104857600                                 {product} {command line}
   size_t MaxHeapSize                              = 2147483648                                {product} {command line}
   size_t MaxNewSize                               = 715653120                                 {product} {ergonomic}
   size_t MinHeapDeltaBytes                        = 524288                                    {product} {ergonomic}
   size_t MinHeapSize                              = 104857600                                 {product} {command line}
   size_t NewSize                                  = 34603008                                  {product} {ergonomic}
    uintx NonNMethodCodeHeapSize                   = 7602480                                {pd product} {ergonomic}
    uintx NonProfiledCodeHeapSize                  = 122027880                              {pd product} {ergonomic}
   size_t OldSize                                  = 70254592                                  {product} {ergonomic}
    uintx ProfiledCodeHeapSize                     = 122027880                              {pd product} {ergonomic}
    uintx ReservedCodeCacheSize                    = 251658240                              {pd product} {ergonomic}
     bool SegmentedCodeCache                       = true                                      {product} {ergonomic}
   size_t SoftMaxHeapSize                          = 2147483648                             {manageable} {ergonomic}
     bool UseCompressedOops                        = true                           {product lp64_product} {ergonomic}
     bool UseLargePagesIndividualAllocation        = false                                  {pd product} {ergonomic}
     bool UseParallelGC                            = true                                      {product} {command line}

Logging:
Log output configuration:
 #0: stdout all=off uptime,level,tags foldmultilines=false
 #1: stderr all=off uptime,level,tags foldmultilines=false

Environment Variables:
JAVA_HOME=C:\Program Files\Java\jdk-21
PATH=C:\Program Files\Python314\Scripts\;C:\Program Files\Python314\;C:\Program Files\Common Files\Oracle\Java\javapath;C:\Windows\system32;C:\Windows;C:\Windows\System32\Wbem;C:\Windows\System32\WindowsPowerShell\v1.0\;C:\Windows\System32\OpenSSH\;C:\Program Files\nodejs\;C:\Program Files\NVIDIA Corporation\NVIDIA App\NvDLISR;C:\Program Files\PuTTY\;C:\Program Files\Git\cmd;C:\Program Files\PowerShell\7\;C:\Program Files\dotnet\;C:\Program Files\Autofirma\Autofirma;C:\Users\japarejo\AppData\Local\Microsoft\WindowsApps;C:\Users\japarejo\AppData\Roaming\npm;C:\Users\japarejo\AppData\Local\Programs\Microsoft VS Code\bin
USERNAME=japarejo
OS=Windows_NT
PROCESSOR_IDENTIFIER=Intel64 Family 6 Model 141 Stepping 1, GenuineIntel
TMP=C:\Users\japarejo\AppData\Local\Temp
TEMP=C:\Users\japarejo\AppData\Local\Temp




Periodic native trim disabled

---------------  S Y S T E M  ---------------

OS:
 Windows 11 , 64 bit Build 22000 (10.0.22000.2836)
OS uptime: 0 days 1:15 hours
Hyper-V role detected

CPU: total 16 (initial active 16) (8 cores per cpu, 2 threads per core) family 6 model 141 stepping 1 microcode 0x32, cx8, cmov, fxsr, ht, mmx, 3dnowpref, sse, sse2, sse3, ssse3, sse4.1, sse4.2, popcnt, lzcnt, tsc, tscinvbit, avx, avx2, aes, erms, clmul, bmi1, bmi2, adx, avx512f, avx512dq, avx512cd, avx512bw, avx512vl, sha, fma, vzeroupper, avx512_vpopcntdq, avx512_vpclmulqdq, avx512_vaes, avx512_vnni, clflush, clflushopt, clwb, avx512_vbmi2, avx512_vbmi, hv, rdtscp, rdpid, fsrm, gfni, avx512_bitalg, f16c, cet_ibt, cet_ss, avx512_ifma
Processor Information for all 16 processors :
  Max Mhz: 2304, Current Mhz: 2304, Mhz Limit: 2304

Memory: 4k page, system-wide physical 32469M (14861M free)
TotalPageFile size 47829M (AvailPageFile size 21752M)
current process WorkingSet (physical memory assigned to process): 1532M, peak: 1606M
current process commit charge ("private bytes"): 1625M, peak: 1631M

vm_info: Java HotSpot(TM) 64-Bit Server VM (21.0.9+7-LTS-338) for windows-amd64 JRE (21.0.9+7-LTS-338), built on 2025-09-26T06:33:49Z by "mach5run" with MS VC++ 17.6 (VS2022)

END.
